[
  {
    name: 'next',
    files: [ '**/*.{js,jsx,mjs,ts,tsx,mts,cts}' ],
    plugins: {
      react: [Object],
      'react-hooks': [Object],
      import: [Object],
      'jsx-a11y': [Object: null prototype],
      '@next/next': [Object]
    },
    languageOptions: { parser: [Object], parserOptions: [Object], globals: [Object] },
    settings: {
      react: [Object],
      'import/parsers': [Object],
      'import/resolver': [Object]
    },
    rules: {
      'react/display-name': 2,
      'react/jsx-key': 2,
      'react/jsx-no-comment-textnodes': 2,
      'react/jsx-no-duplicate-props': 2,
      'react/jsx-no-target-blank': 'off',
      'react/jsx-no-undef': 2,
      'react/jsx-uses-react': 2,
      'react/jsx-uses-vars': 2,
      'react/no-children-prop': 2,
      'react/no-danger-with-children': 2,
      'react/no-deprecated': 2,
      'react/no-direct-mutation-state': 2,
      'react/no-find-dom-node': 2,
      'react/no-is-mounted': 2,
      'react/no-render-return-value': 2,
      'react/no-string-refs': 2,
      'react/no-unescaped-entities': 2,
      'react/no-unknown-property': 'off',
      'react/no-unsafe': 0,
      'react/prop-types': 'off',
      'react/react-in-jsx-scope': 'off',
      'react/require-render-return': 2,
      'react-hooks/rules-of-hooks': 'error',
      'react-hooks/exhaustive-deps': 'warn',
      'react-hooks/static-components': 'error',
      'react-hooks/use-memo': 'error',
      'react-hooks/preserve-manual-memoization': 'error',
      'react-hooks/incompatible-library': 'warn',
      'react-hooks/immutability': 'error',
      'react-hooks/globals': 'error',
      'react-hooks/refs': 'error',
      'react-hooks/set-state-in-effect': 'error',
      'react-hooks/error-boundaries': 'error',
      'react-hooks/purity': 'error',
      'react-hooks/set-state-in-render': 'error',
      'react-hooks/unsupported-syntax': 'warn',
      'react-hooks/config': 'error',
      'react-hooks/gating': 'error',
      '@next/next/google-font-display': 'warn',
      '@next/next/google-font-preconnect': 'warn',
      '@next/next/next-script-for-ga': 'warn',
      '@next/next/no-async-client-component': 'warn',
      '@next/next/no-before-interactive-script-outside-document': 'warn',
      '@next/next/no-css-tags': 'warn',
      '@next/next/no-head-element': 'warn',
      '@next/next/no-html-link-for-pages': 'warn',
      '@next/next/no-img-element': 'warn',
      '@next/next/no-location-assign-relative-destination': 'warn',
      '@next/next/no-page-custom-font': 'warn',
      '@next/next/no-styled-jsx-in-document': 'warn',
      '@next/next/no-sync-scripts': 'warn',
      '@next/next/no-title-in-document-head': 'warn',
      '@next/next/no-typos': 'warn',
      '@next/next/no-unwanted-polyfillio': 'warn',
      '@next/next/inline-script-id': 'error',
      '@next/next/no-assign-module-variable': 'error',
      '@next/next/no-document-import-in-page': 'error',
      '@next/next/no-duplicate-head': 'error',
      '@next/next/no-head-import-in-document': 'error',
      '@next/next/no-script-component-in-head': 'error',
      'import/no-anonymous-default-export': 'warn',
      'jsx-a11y/alt-text': [Array],
      'jsx-a11y/aria-props': 'warn',
      'jsx-a11y/aria-proptypes': 'warn',
      'jsx-a11y/aria-unsupported-elements': 'warn',
      'jsx-a11y/role-has-required-aria-props': 'warn',
      'jsx-a11y/role-supports-aria-props': 'warn'
    }
  },
  {
    name: 'next/typescript',
    files: [ '**/*.ts', '**/*.tsx' ],
    plugins: { '@typescript-eslint': [Object] },
    languageOptions: { parser: [Object], parserOptions: [Object] }
  },
  { ignores: [ '.next/**', 'out/**', 'build/**', 'next-env.d.ts' ] }
]
